 AS V1.42 Beta [Bld 55] - source file dicks.lst - page 1 - 11/28/2015 13:41:42


       1/       0 :                     
 AS V1.42 Beta [Bld 55] - source file dicks.lst - page 2 - 11/28/2015 13:41:42


  symbol table (* = unused):
  ------------------------

*ARCHITECTURE :  i386-unknown-win32 - | *BIGENDIAN :                      0 - |
*BRANCHEXT :                      0 - | *CASESENSITIVE :                  0 - |
*CONSTPI :        3.141592653589793 - | *DATE :                  11/28/2015 - |
*FALSE :                          0 - | *FULLPMMU :                       1 - |
*HAS64 :                          1 - | *HASDSP :                         0 - |
*HASFPU :                         0 - | *HASPMMU :                        0 - |
*INEXTMODE :                      0 - | *INLWORDMODE :                    0 - |
*INMAXMODE :                      0 - | *INSRCMODE :                      0 - |
*INSUPMODE :                      0 - | *LISTON :                         1 - |
*MACEXP :                         1 - | *MOMCPU :                     68008 - |
*MOMCPUNAME :                 68008 - | *NESTMAX :                      100 - |
*PACKING :                        0 - | *PADDING :                        1 - |
*RELAXED :                        0 - | *TIME :                    13:41:42 - |
*TRUE :                           1 - | *VERSION :                     142F - |

     28 symbols
     28 unused symbols

 AS V1.42 Beta [Bld 55] - source file dicks.lst - page 3 - 11/28/2015 13:41:42


  codepages:
  ----------

STANDARD (0 changed characters)


0.01 seconds assembly time

      1 line source file
      1 pass
      0 errors
      0 warnings
